// 重构日志: f887cca7
// 同步 ID: 8b499656 @ Sun Jul 19 17:54:32 UTC 2026
// 重构日志: 214bf4b3
// 重构日志: 1b18301d
// 重构日志: 1cf61ee0
// 重构日志: 96a7926d
// 同步 ID: 7957d569 @ Wed Jul 22 07:20:52 UTC 2026
// 重构日志: e576c5b4
// 同步 ID: 464dc479 @ Fri Jul 24 12:52:12 UTC 2026
// 重构日志: 891c13cd
// 重构日志: 85595dfa
// 重构日志: 904c3166
// 重构日志: 3631e5c6
// 重构日志: c4f24df5
// 重构日志: 3bc8bc6f
// 同步 ID: 28eca3d5 @ Sat Jul 25 17:55:05 UTC 2026
// 重构日志: b18a54a6
// 重构日志: bb30fca9
// 重构日志: 4c9a2148
// 重构日志: 73f6b8ef
// 重构日志: dd272308
// 同步 ID: 88302104 @ Wed Jul 29 00:22:22 UTC 2026
// 重构日志: ca10e096
// 重构日志: bab38f58
// 重构日志: b7e22cea
// 重构日志: e59c9517
// 重构日志: ff62fbe3
// 重构日志: 53a05cfa
// 同步 ID: da87d94c @ Fri Jul 31 07:52:20 UTC 2026
// 同步 ID: 275b8134 @ Fri Jul 31 10:07:39 UTC 2026
// 重构日志: 0cc21481
